   Compiling proc-macro2 v1.0.107
   Compiling quote v1.0.47
   Compiling unicode-ident v1.0.24
   Compiling serde_core v1.0.229
   Compiling syn v3.0.5
   Compiling syn v2.0.119
   Compiling serde v1.0.229
   Compiling serde_derive v1.0.229
   Compiling synstructure v0.13.2
    Checking strata-core v0.1.1 (/Users/master/cyber/.worktrees/selfhost-0.4-finalization-20261002/certificate/strata/core)
    Checking stable_deref_trait v1.2.1
   Compiling zerofrom-derive v0.1.7
    Checking zerofrom v0.1.8
   Compiling yoke-derive v0.8.2
    Checking yoke v0.8.3
    Checking strata-ext v0.1.1 (/Users/master/cyber/.worktrees/selfhost-0.4-finalization-20261002/certificate/strata/ext)
    Checking strata-proof v0.1.1 (/Users/master/cyber/.worktrees/selfhost-0.4-finalization-20261002/certificate/strata/proof)
   Compiling zerovec-derive v0.11.6
    Checking strata-compute v0.1.1 (/Users/master/cyber/.worktrees/selfhost-0.4-finalization-20261002/certificate/strata/compute)
   Compiling displaydoc v0.2.7
    Checking zerovec v0.11.8
    Checking strata-nebu v0.1.1 (/Users/master/cyber/.worktrees/selfhost-0.4-finalization-20261002/certificate/strata/nebu/rs)
    Checking cyber-hemera v0.3.1 (/Users/master/cyber/.worktrees/selfhost-0.4-finalization-20261002/certificate/hemera/rs)
    Checking cyber-lens-core v0.1.2 (/Users/master/cyber/.worktrees/selfhost-0.4-finalization-20261002/certificate/lens/core)
    Checking tinystr v0.8.4
   Compiling libc v0.2.189
    Checking litemap v0.8.3
    Checking writeable v0.6.4
    Checking icu_locale_core v2.3.0
    Checking potential_utf v0.1.6
    Checking zerotrie v0.2.5
    Checking utf8_iter v1.0.4
    Checking smallvec v1.16.0
   Compiling icu_properties_data v2.3.0
   Compiling icu_normalizer_data v2.3.0
    Checking icu_provider v2.3.1
    Checking icu_collections v2.3.0
    Checking pin-project-lite v0.2.17
    Checking cyber-lens-brakedown v0.2.0 (/Users/master/cyber/.worktrees/selfhost-0.4-finalization-20261002/certificate/lens/brakedown)
    Checking futures-sink v0.3.34
    Checking futures-core v0.3.34
    Checking cfg-if v1.0.4
    Checking memchr v2.8.3
    Checking icu_properties v2.3.0
    Checking icu_normalizer v2.3.0
   Compiling zmij v1.0.23
    Checking idna_adapter v1.2.2
    Checking futures-channel v0.3.34
   Compiling futures-macro v0.3.34
    Checking slab v0.4.12
    Checking futures-task v0.3.34
    Checking once_cell v1.21.4
   Compiling semver v1.0.28
   Compiling serde_json v1.0.151
   Compiling parking_lot_core v0.9.12
    Checking percent-encoding v2.3.2
    Checking utf8parse v0.2.2
    Checking futures-io v0.3.34
    Checking anstyle-parse v1.0.0
    Checking futures-util v0.3.34
    Checking form_urlencoded v1.2.2
   Compiling rustc_version v0.4.1
    Checking idna v1.1.0
    Checking strata-jali v0.1.1 (/Users/master/cyber/.worktrees/selfhost-0.4-finalization-20261002/certificate/strata/jali/rs)
    Checking strata-genies v0.1.1 (/Users/master/cyber/.worktrees/selfhost-0.4-finalization-20261002/certificate/strata/genies/rs)
    Checking strata-kuro v0.1.1 (/Users/master/cyber/.worktrees/selfhost-0.4-finalization-20261002/certificate/strata/kuro/rs)
    Checking strata-trop v0.1.1 (/Users/master/cyber/.worktrees/selfhost-0.4-finalization-20261002/certificate/strata/trop/rs)
   Compiling pin-project-internal v1.1.13
   Compiling tokio-macros v2.7.2
    Checking itoa v1.0.18
    Checking anstyle v1.0.14
    Checking colorchoice v1.0.5
   Compiling getrandom v0.3.4
    Checking scopeguard v1.2.0
   Compiling thiserror v2.0.20
   Compiling httparse v1.10.1
    Checking is_terminal_polyfill v1.70.2
    Checking anstyle-query v1.1.5
    Checking anstream v1.0.0
    Checking lock_api v0.4.14
    Checking pin-project v1.1.13
    Checking tokio v1.53.1
    Checking cyber-lens-assayer v0.2.0 (/Users/master/cyber/.worktrees/selfhost-0.4-finalization-20261002/certificate/lens/assayer)
    Checking cyber-lens-binius v0.1.1 (/Users/master/cyber/.worktrees/selfhost-0.4-finalization-20261002/certificate/lens/binius)
    Checking cyber-lens-porphyry v0.2.0 (/Users/master/cyber/.worktrees/selfhost-0.4-finalization-20261002/certificate/lens/porphyry)
    Checking cyber-lens-ikat v0.2.0 (/Users/master/cyber/.worktrees/selfhost-0.4-finalization-20261002/certificate/lens/ikat)
    Checking url v2.5.8
   Compiling heapless v0.7.17
    Checking tracing-core v0.1.36
    Checking cyber-nox v0.3.0 (/Users/master/cyber/.worktrees/selfhost-0.4-finalization-20261002/certificate/nox/rs)
   Compiling tracing-attributes v0.1.31
   Compiling serde_repr v0.1.21
   Compiling thiserror-impl v2.0.20
    Checking bitflags v1.3.2
    Checking clap_lex v1.1.0
    Checking byteorder v1.5.0
    Checking hashbrown v0.14.5
    Checking strsim v0.11.1
    Checking bytes v1.12.1
   Compiling heck v0.5.0
    Checking tower-layer v0.3.3
    Checking tower-service v0.3.3
    Checking tokio-util v0.7.19
    Checking tower v0.4.13
   Compiling clap_derive v4.6.4
    Checking dashmap v5.5.3
    Checking clap_builder v4.6.6
    Checking hash32 v0.2.1
    Checking lsp-types v0.94.1
    Checking tracing v0.1.44
    Checking cyber-lens v0.2.0 (/Users/master/cyber/.worktrees/selfhost-0.4-finalization-20261002/certificate/lens/src)
    Checking futures v0.3.34
   Compiling tower-lsp-macros v0.9.0
   Compiling auto_impl v1.3.0
   Compiling async-trait v0.1.92
    Checking unicode-width v0.1.14
    Checking zeroize v1.9.0
    Checking yansi v1.0.1
   Compiling trident-lang v0.3.0 (/Users/master/cyber/.worktrees/selfhost-0.4-finalization-20261002/certificate/trident)
    Checking tower-lsp v0.20.0
    Checking ariadne v0.4.1
    Checking zheng v0.4.0 (/Users/master/cyber/.worktrees/selfhost-0.4-finalization-20261002/certificate/zheng/rs)
    Checking cobs v0.3.0
    Checking clap v4.6.6
    Checking adler2 v2.0.1
    Checking neuron-id v0.1.0 (/Users/master/cyber/.worktrees/selfhost-0.4-finalization-20261002/certificate/neuron/id)
    Checking bbg v0.3.0 (/Users/master/cyber/.worktrees/selfhost-0.4-finalization-20261002/certificate/bbg/rs)
    Checking miniz_oxide v0.8.9
    Checking postcard v1.1.3
    Checking joy-rs v0.5.0 (/Users/master/cyber/.worktrees/selfhost-0.4-finalization-20261002/certificate/joy/rs)
    Checking cyber-joy v0.5.0 (/Users/master/cyber/.worktrees/selfhost-0.4-finalization-20261002/certificate/joy/cli)
    Finished `dev` profile [unoptimized + debuginfo] target(s) in 18.51s
