   Compiling serde_core v1.0.229
   Compiling strata-core v0.1.1 (/Users/master/cyber/.worktrees/selfhost-0.4-finalization-20261002/census/strata/core)
   Compiling stable_deref_trait v1.2.1
   Compiling zerofrom v0.1.8
   Compiling yoke v0.8.3
   Compiling strata-proof v0.1.1 (/Users/master/cyber/.worktrees/selfhost-0.4-finalization-20261002/census/strata/proof)
   Compiling strata-ext v0.1.1 (/Users/master/cyber/.worktrees/selfhost-0.4-finalization-20261002/census/strata/ext)
   Compiling zerovec v0.11.8
   Compiling strata-compute v0.1.1 (/Users/master/cyber/.worktrees/selfhost-0.4-finalization-20261002/census/strata/compute)
   Compiling tinystr v0.8.4
   Compiling writeable v0.6.4
   Compiling litemap v0.8.3
   Compiling icu_locale_core v2.3.0
   Compiling serde v1.0.229
   Compiling strata-nebu v0.1.1 (/Users/master/cyber/.worktrees/selfhost-0.4-finalization-20261002/census/strata/nebu/rs)
   Compiling cyber-hemera v0.3.1 (/Users/master/cyber/.worktrees/selfhost-0.4-finalization-20261002/census/hemera/rs)
   Compiling cyber-lens-core v0.1.2 (/Users/master/cyber/.worktrees/selfhost-0.4-finalization-20261002/census/lens/core)
   Compiling zerotrie v0.2.5
   Compiling potential_utf v0.1.6
   Compiling smallvec v1.16.0
   Compiling utf8_iter v1.0.4
   Compiling icu_collections v2.3.0
   Compiling icu_provider v2.3.1
   Compiling libc v0.2.189
   Compiling pin-project-lite v0.2.17
   Compiling icu_normalizer_data v2.3.0
   Compiling icu_properties_data v2.3.0
   Compiling cyber-lens-brakedown v0.2.0 (/Users/master/cyber/.worktrees/selfhost-0.4-finalization-20261002/census/lens/brakedown)
   Compiling futures-sink v0.3.34
   Compiling memchr v2.8.3
   Compiling cfg-if v1.0.4
   Compiling futures-core v0.3.34
   Compiling icu_properties v2.3.0
   Compiling icu_normalizer v2.3.0
   Compiling idna_adapter v1.2.2
   Compiling futures-channel v0.3.34
   Compiling percent-encoding v2.3.2
   Compiling utf8parse v0.2.2
   Compiling futures-task v0.3.34
   Compiling futures-io v0.3.34
   Compiling once_cell v1.21.4
   Compiling slab v0.4.12
   Compiling futures-util v0.3.34
   Compiling anstyle-parse v1.0.0
   Compiling form_urlencoded v1.2.2
   Compiling idna v1.1.0
   Compiling zmij v1.0.23
   Compiling strata-jali v0.1.1 (/Users/master/cyber/.worktrees/selfhost-0.4-finalization-20261002/census/strata/jali/rs)
   Compiling strata-genies v0.1.1 (/Users/master/cyber/.worktrees/selfhost-0.4-finalization-20261002/census/strata/genies/rs)
   Compiling strata-kuro v0.1.1 (/Users/master/cyber/.worktrees/selfhost-0.4-finalization-20261002/census/strata/kuro/rs)
   Compiling strata-trop v0.1.1 (/Users/master/cyber/.worktrees/selfhost-0.4-finalization-20261002/census/strata/trop/rs)
   Compiling itoa v1.0.18
   Compiling anstyle v1.0.14
   Compiling anstyle-query v1.1.5
   Compiling scopeguard v1.2.0
   Compiling is_terminal_polyfill v1.70.2
   Compiling colorchoice v1.0.5
   Compiling anstream v1.0.0
   Compiling lock_api v0.4.14
   Compiling serde_json v1.0.151
   Compiling cyber-lens-assayer v0.2.0 (/Users/master/cyber/.worktrees/selfhost-0.4-finalization-20261002/census/lens/assayer)
   Compiling tokio v1.53.1
   Compiling pin-project v1.1.13
   Compiling cyber-lens-binius v0.1.1 (/Users/master/cyber/.worktrees/selfhost-0.4-finalization-20261002/census/lens/binius)
   Compiling cyber-lens-porphyry v0.2.0 (/Users/master/cyber/.worktrees/selfhost-0.4-finalization-20261002/census/lens/porphyry)
   Compiling cyber-lens-ikat v0.2.0 (/Users/master/cyber/.worktrees/selfhost-0.4-finalization-20261002/census/lens/ikat)
   Compiling url v2.5.8
   Compiling parking_lot_core v0.9.12
   Compiling tracing-core v0.1.36
   Compiling cyber-nox v0.3.0 (/Users/master/cyber/.worktrees/selfhost-0.4-finalization-20261002/census/nox/rs)
   Compiling hashbrown v0.14.5
   Compiling bytes v1.12.1
   Compiling tower-layer v0.3.3
   Compiling byteorder v1.5.0
   Compiling tower-service v0.3.3
   Compiling bitflags v1.3.2
   Compiling strsim v0.11.1
   Compiling clap_lex v1.1.0
   Compiling clap_builder v4.6.6
   Compiling lsp-types v0.94.1
   Compiling tower v0.4.13
   Compiling hash32 v0.2.1
   Compiling tokio-util v0.7.19
   Compiling dashmap v5.5.3
   Compiling tracing v0.1.44
   Compiling thiserror v2.0.20
   Compiling cyber-lens v0.2.0 (/Users/master/cyber/.worktrees/selfhost-0.4-finalization-20261002/census/lens/src)
   Compiling httparse v1.10.1
   Compiling getrandom v0.3.4
   Compiling futures v0.3.34
   Compiling yansi v1.0.1
   Compiling zeroize v1.9.0
   Compiling unicode-width v0.1.14
   Compiling ariadne v0.4.1
   Compiling zheng v0.4.0 (/Users/master/cyber/.worktrees/selfhost-0.4-finalization-20261002/census/zheng/rs)
   Compiling tower-lsp v0.20.0
   Compiling heapless v0.7.17
   Compiling cobs v0.3.0
   Compiling clap v4.6.6
   Compiling adler2 v2.0.1
   Compiling neuron-id v0.1.0 (/Users/master/cyber/.worktrees/selfhost-0.4-finalization-20261002/census/neuron/id)
   Compiling bbg v0.3.0 (/Users/master/cyber/.worktrees/selfhost-0.4-finalization-20261002/census/bbg/rs)
   Compiling miniz_oxide v0.8.9
   Compiling trident-lang v0.3.0 (/Users/master/cyber/.worktrees/selfhost-0.4-finalization-20261002/census/trident)
   Compiling postcard v1.1.3
   Compiling joy-rs v0.5.0 (/Users/master/cyber/.worktrees/selfhost-0.4-finalization-20261002/census/joy/rs)
    Finished `release` profile [optimized] target(s) in 42.00s
     Running unittests lib.rs (/Users/master/cyber/.worktrees/selfhost-0.4-finalization-20261002/census/target-rust189/release/deps/joy_rs-516b0eccdd5d480a)
