   Compiling joy-rs v0.5.0 (/Users/master/cyber/.worktrees/selfhost-0.4-finalization-20261002/census/joy/rs)
   Compiling cyber-joy v0.5.0 (/Users/master/cyber/.worktrees/selfhost-0.4-finalization-20261002/census/joy/cli)
    Finished `release` profile [optimized] target(s) in 15.56s
     Running unittests main.rs (/Users/master/cyber/.worktrees/selfhost-0.4-finalization-20261002/census/target/release/deps/joy-3ff22eefc70ed991)
     Running tests/artifact_files.rs (/Users/master/cyber/.worktrees/selfhost-0.4-finalization-20261002/census/target/release/deps/artifact_files-b2b55921220170ed)
     Running tests/build_pipeline.rs (/Users/master/cyber/.worktrees/selfhost-0.4-finalization-20261002/census/target/release/deps/build_pipeline-e83bedb70ab68931)
     Running tests/compiler_jobs.rs (/Users/master/cyber/.worktrees/selfhost-0.4-finalization-20261002/census/target/release/deps/compiler_jobs-a95d92b5e61ba77c)
     Running tests/execution_claim.rs (/Users/master/cyber/.worktrees/selfhost-0.4-finalization-20261002/census/target/release/deps/execution_claim-a863a329a1e3e0cc)
     Running tests/native_cli_parity.rs (/Users/master/cyber/.worktrees/selfhost-0.4-finalization-20261002/census/target/release/deps/native_cli_parity-613c8ea7b6d7d852)
     Running tests/native_test_bench.rs (/Users/master/cyber/.worktrees/selfhost-0.4-finalization-20261002/census/target/release/deps/native_test_bench-bf9fd9860befe2df)
     Running tests/raw_source.rs (/Users/master/cyber/.worktrees/selfhost-0.4-finalization-20261002/census/target/release/deps/raw_source-04a6b7992dabeafc)
     Running tests/reaudit_cli.rs (/Users/master/cyber/.worktrees/selfhost-0.4-finalization-20261002/census/target/release/deps/reaudit_cli-3773b40f9cdf539b)
     Running tests/source_packages.rs (/Users/master/cyber/.worktrees/selfhost-0.4-finalization-20261002/census/target/release/deps/source_packages-6bacb17c67a04898)
     Running tests/state_execution.rs (/Users/master/cyber/.worktrees/selfhost-0.4-finalization-20261002/census/target/release/deps/state_execution-fa5befafa1cdc6f7)
     Running tests/structured_run.rs (/Users/master/cyber/.worktrees/selfhost-0.4-finalization-20261002/census/target/release/deps/structured_run-5d762e7bf7d8823f)
     Running tests/target_package.rs (/Users/master/cyber/.worktrees/selfhost-0.4-finalization-20261002/census/target/release/deps/target_package-1cc3e8ea163c74ef)
     Running unittests lib.rs (/Users/master/cyber/.worktrees/selfhost-0.4-finalization-20261002/census/target/release/deps/joy_rs-fe4136cd97f8c8a9)
     Running tests/integration.rs (/Users/master/cyber/.worktrees/selfhost-0.4-finalization-20261002/census/target/release/deps/integration-48c3cdfe4ae8f979)
     Running tests/legacy_assembly_bounds.rs (/Users/master/cyber/.worktrees/selfhost-0.4-finalization-20261002/census/target/release/deps/legacy_assembly_bounds-300ff11c8847d88d)
     Running tests/loop_indices.rs (/Users/master/cyber/.worktrees/selfhost-0.4-finalization-20261002/census/target/release/deps/loop_indices-77c97d60dc3d5d58)
     Running tests/native_private.rs (/Users/master/cyber/.worktrees/selfhost-0.4-finalization-20261002/census/target/release/deps/native_private-cdd98254145c5465)
     Running tests/nox_loop_return.rs (/Users/master/cyber/.worktrees/selfhost-0.4-finalization-20261002/census/target/release/deps/nox_loop_return-a1a8b0eb00cb5477)
     Running tests/public_execution.rs (/Users/master/cyber/.worktrees/selfhost-0.4-finalization-20261002/census/target/release/deps/public_execution-618d549c1c240e6d)
     Running tests/reaudit_native.rs (/Users/master/cyber/.worktrees/selfhost-0.4-finalization-20261002/census/target/release/deps/reaudit_native-7725cde194f3ee3a)
     Running tests/secret_execution.rs (/Users/master/cyber/.worktrees/selfhost-0.4-finalization-20261002/census/target/release/deps/secret_execution-bf17f3843a33ffc3)
     Running tests/secret_stream.rs (/Users/master/cyber/.worktrees/selfhost-0.4-finalization-20261002/census/target/release/deps/secret_stream-f5f20eca1012cfbf)
     Running tests/terminal_returns.rs (/Users/master/cyber/.worktrees/selfhost-0.4-finalization-20261002/census/target/release/deps/terminal_returns-05ec2bc4f97c33fe)
     Running tests/typed_entry.rs (/Users/master/cyber/.worktrees/selfhost-0.4-finalization-20261002/census/target/release/deps/typed_entry-6004821c4996e38d)
     Running tests/worker.rs (/Users/master/cyber/.worktrees/selfhost-0.4-finalization-20261002/census/target/release/deps/worker-2f5f57d728fd8647)
   Doc-tests joy_rs
